[    0.000000] Initializing cgroup subsys cpuset
[    0.000000] Initializing cgroup subsys cpu
[    0.000000] Initializing cgroup subsys cpuacct
[    0.000000] Linux version 4.4.0-83-generic (buildd@lgw01-29) (gcc version 5.4.0 20160609 (Ubuntu 5.4.0-6ubuntu1~16.04.4) ) #106-Ubuntu SMP Mon Jun 26 17:54:43 UTC 2017 (Ubuntu 4.4.0-83.106-generic 4.4.70)
[    0.000000] Command line: BOOT_IMAGE=/boot/vmlinuz-4.4.0-83-generic root=LABEL=cloudimg-rootfs ro console=tty1 console=ttyS0
[    0.000000] KERNEL supported cpus:
[    0.000000]   Intel GenuineIntel
[    0.000000]   AMD AuthenticAMD
[    0.000000]   Centaur CentaurHauls
[    0.000000] x86/fpu: xstate_offset[2]:  576, xstate_sizes[2]:  256
[    0.000000] x86/fpu: Supporting XSAVE feature 0x01: 'x87 floating point registers'
[    0.000000] x86/fpu: Supporting XSAVE feature 0x02: 'SSE registers'
[    0.000000] x86/fpu: Supporting XSAVE feature 0x04: 'AVX registers'
[    0.000000] x86/fpu: Enabled xstate features 0x7, context size is 832 bytes, using 'standard' format.
[    0.000000] x86/fpu: Using 'lazy' FPU context switches.
[    0.000000] e820: BIOS-provided physical RAM map:
[    0.000000] BIOS-e820: [mem 0x0000000000000000-0x000000000009fbff] usable
[    0.000000] BIOS-e820: [mem 0x000000000009fc00-0x000000000009ffff] reserved
[    0.000000] BIOS-e820: [mem 0x00000000000f0000-0x00000000000fffff] reserved
[    0.000000] BIOS-e820: [mem 0x0000000000100000-0x000000003ffeffff] usable
[    0.000000] BIOS-e820: [mem 0x000000003fff0000-0x000000003fffffff] ACPI data
[    0.000000] BIOS-e820: [mem 0x00000000fec00000-0x00000000fec00fff] reserved
[    0.000000] BIOS-e820: [mem 0x00000000fee00000-0x00000000fee00fff] reserved
[    0.000000] BIOS-e820: [mem 0x00000000fffc0000-0x00000000ffffffff] reserved
[    0.000000] NX (Execute Disable) protection: active
[    0.000000] SMBIOS 2.5 present.
[    0.000000] Hypervisor detected: KVM
[    0.000000] e820: last_pfn = 0x3fff0 max_arch_pfn = 0x400000000
[    0.000000] MTRR: Disabled
[    0.000000] x86/PAT: MTRRs disabled, skipping PAT initialization too.
[    0.000000] x86/PAT: Configuration [0-7]: WB  WT  UC- UC  WB  WT  UC- UC  
[    0.000000] CPU MTRRs all blank - virtualized system.
[    0.000000] found SMP MP-table at [mem 0x0009fff0-0x0009ffff] mapped at [ffff88000009fff0]
[    0.000000] Scanning 1 areas for low memory corruption
[    0.000000] RAMDISK: [mem 0x36ac2000-0x37558fff]
[    0.000000] ACPI: Early table checksum verification disabled
[    0.000000] ACPI: RSDP 0x00000000000E0000 000024 (v02 VBOX  )
[    0.000000] ACPI: XSDT 0x000000003FFF0030 00003C (v01 VBOX   VBOXXSDT 00000001 ASL  00000061)
[    0.000000] ACPI: FACP 0x000000003FFF00F0 0000F4 (v04 VBOX   VBOXFACP 00000001 ASL  00000061)
[    0.000000] ACPI: DSDT 0x000000003FFF0470 0021C8 (v02 VBOX   VBOXBIOS 00000002 INTL 20100528)
[    0.000000] ACPI: FACS 0x000000003FFF0200 000040
[    0.000000] ACPI: FACS 0x000000003FFF0200 000040
[    0.000000] ACPI: APIC 0x000000003FFF0240 00005C (v02 VBOX   VBOXAPIC 00000001 ASL  00000061)
[    0.000000] ACPI: SSDT 0x000000003FFF02A0 0001CC (v01 VBOX   VBOXCPUT 00000002 INTL 20100528)
[    0.000000] No NUMA configuration found
[    0.000000] Faking a node at [mem 0x0000000000000000-0x000000003ffeffff]
[    0.000000] NODE_DATA(0) allocated [mem 0x3ffeb000-0x3ffeffff]
[    0.000000] kvm-clock: Using msrs 4b564d01 and 4b564d00
[    0.000000] kvm-clock: cpu 0, msr 0:3ffe3001, primary cpu clock
[    0.000000] kvm-clock: using sched offset of 2960679593 cycles
[    0.000000] clocksource: kvm-clock: mask: 0xffffffffffffffff max_cycles: 0x1cd42e4dffb, max_idle_ns: 881590591483 ns
[    0.000000] Zone ranges:
[    0.000000]   DMA      [mem 0x0000000000001000-0x0000000000ffffff]
[    0.000000]   DMA32    [mem 0x0000000001000000-0x000000003ffeffff]
[    0.000000]   Normal   empty
[    0.000000]   Device   empty
[    0.000000] Movable zone start for each node
[    0.000000] Early memory node ranges
[    0.000000]   node   0: [mem 0x0000000000001000-0x000000000009efff]
[    0.000000]   node   0: [mem 0x0000000000100000-0x000000003ffeffff]
[    0.000000] Initmem setup node 0 [mem 0x0000000000001000-0x000000003ffeffff]
[    0.000000] ACPI: PM-Timer IO Port: 0x4008
[    0.000000] IOAPIC[0]: apic_id 2, version 32, address 0xfec00000, GSI 0-23
[    0.000000] ACPI: INT_SRC_OVR (bus 0 bus_irq 0 global_irq 2 dfl dfl)
[    0.000000] ACPI: INT_SRC_OVR (bus 0 bus_irq 9 global_irq 9 high level)
[    0.000000] Using ACPI (MADT) for SMP configuration information
[    0.000000] smpboot: Allowing 2 CPUs, 0 hotplug CPUs
[    0.000000] PM: Registered nosave memory: [mem 0x00000000-0x00000fff]
[    0.000000] PM: Registered nosave memory: [mem 0x0009f000-0x0009ffff]
[    0.000000] PM: Registered nosave memory: [mem 0x000a0000-0x000effff]
[    0.000000] PM: Registered nosave memory: [mem 0x000f0000-0x000fffff]
[    0.000000] e820: [mem 0x40000000-0xfebfffff] available for PCI devices
[    0.000000] Booting paravirtualized kernel on KVM
[    0.000000] clocksource: refined-jiffies: mask: 0xffffffff max_cycles: 0xffffffff, max_idle_ns: 7645519600211568 ns
[    0.000000] setup_percpu: NR_CPUS:512 nr_cpumask_bits:512 nr_cpu_ids:2 nr_node_ids:1
[    0.000000] PERCPU: Embedded 33 pages/cpu @ffff88003fc00000 s98264 r8192 d28712 u1048576
[    0.000000] PV qspinlock hash table entries: 256 (order: 0, 4096 bytes)
[    0.000000] Built 1 zonelists in Node order, mobility grouping on.  Total pages: 257913
[    0.000000] Policy zone: DMA32
[    0.000000] Kernel command line: BOOT_IMAGE=/boot/vmlinuz-4.4.0-83-generic root=LABEL=cloudimg-rootfs ro console=tty1 console=ttyS0
[    0.000000] PID hash table entries: 4096 (order: 3, 32768 bytes)
[    0.000000] Memory: 1001732K/1048120K available (8469K kernel code, 1294K rwdata, 3984K rodata, 1488K init, 1316K bss, 46388K reserved, 0K cma-reserved)
[    0.000000] SLUB: HWalign=64, Order=0-3, MinObjects=0, CPUs=2, Nodes=1
[    0.000000] Hierarchical RCU implementation.
[    0.000000] 	Build-time adjustment of leaf fanout to 64.
[    0.000000] 	RCU restricting CPUs from NR_CPUS=512 to nr_cpu_ids=2.
[    0.000000] RCU: Adjusting geometry for rcu_fanout_leaf=64, nr_cpu_ids=2
[    0.000000] NR_IRQS:33024 nr_irqs:440 16
[    0.000000] Console: colour VGA+ 80x25
[    0.000000] console [tty1] enabled
[    0.000000] console [ttyS0] enabled
[    0.000000] tsc: Detected 2294.688 MHz processor
[    8.812570] Calibrating delay loop (skipped) preset value.. 4589.37 BogoMIPS (lpj=9178752)
[    8.993993] pid_max: default: 32768 minimum: 301
[    9.111569] ACPI: Core revision 20150930
[    9.200331] ACPI: 2 ACPI AML tables successfully acquired and loaded
[    9.306025] Security Framework initialized
[    9.345858] Yama: becoming mindful.
[    9.374214] AppArmor: AppArmor initialized
[    9.406720] Dentry cache hash table entries: 131072 (order: 8, 1048576 bytes)
[    9.519960] Inode-cache hash table entries: 65536 (order: 7, 524288 bytes)
[    9.674446] Mount-cache hash table entries: 2048 (order: 2, 16384 bytes)
[    9.816270] Mountpoint-cache hash table entries: 2048 (order: 2, 16384 bytes)
[    9.954674] Initializing cgroup subsys io
[   10.060010] Initializing cgroup subsys memory
[   10.170441] Initializing cgroup subsys devices
[   10.273889] Initializing cgroup subsys freezer
[   10.367262] Initializing cgroup subsys net_cls
[   10.444064] Initializing cgroup subsys perf_event
[   10.483459] Initializing cgroup subsys net_prio
[   10.524019] Initializing cgroup subsys hugetlb
[   10.622262] Initializing cgroup subsys pids
[   10.706814] CPU: Physical Processor ID: 0
[   10.769459] CPU: Processor Core ID: 0
[   10.854462] mce: CPU supports 0 MCE banks
[   10.931441] Last level iTLB entries: 4KB 1024, 2MB 1024, 4MB 1024
[   11.058432] Last level dTLB entries: 4KB 1024, 2MB 1024, 4MB 1024, 1GB 4
[   11.192177] Freeing SMP alternatives memory: 32K (ffffffff820b9000 - ffffffff820c1000)
[   11.342583] ftrace: allocating 32129 entries in 126 pages
[   11.408361] smpboot: APIC(0) Converting physical 0 to logical package 0
[   11.512871] smpboot: Max logical packages: 1
[   11.564977] x2apic enabled
[   11.594493] Switched APIC routing to physical x2apic.
[   11.641113] ..TIMER: vector=0x30 apic1=0 pin1=2 apic2=-1 pin2=-1
[   11.794209] smpboot: CPU0: Intel(R) Core(TM) i7-4850HQ CPU @ 2.30GHz (family: 0x6, model: 0x46, stepping: 0x1)
[   11.907909] Performance Events: unsupported p6 CPU model 70 no PMU driver, software events only.
[   11.951898] KVM setup paravirtual spinlock
[   12.008974] x86: Booting SMP configuration:
[   12.105254] .... node  #0, CPUs:      #1
[   12.171413] kvm-clock: cpu 1, msr 0:3ffe3041, secondary cpu clock
[   12.187113] mce: CPU supports 0 MCE banks
[   12.190795] x86: Booted up 1 node, 2 CPUs
[   12.268870] smpboot: Total of 2 processors activated (9178.75 BogoMIPS)
[   12.407934] devtmpfs: initialized
[   12.473279] evm: security.selinux
[   12.521341] evm: security.SMACK64
[   12.569063] evm: security.SMACK64EXEC
[   12.599837] evm: security.SMACK64TRANSMUTE
[   12.641378] evm: security.SMACK64MMAP
[   12.653027] evm: security.ima
[   12.654911] evm: security.capability
[   12.658453] clocksource: jiffies: mask: 0xffffffff max_cycles: 0xffffffff, max_idle_ns: 7645041785100000 ns
[   12.710925] futex hash table entries: 512 (order: 3, 32768 bytes)
[   12.750971] pinctrl core: initialized pinctrl subsystem
[   12.838847] RTC time: 12:40:07, date: 07/04/17
[   12.928141] NET: Registered protocol family 16
[   13.050561] cpuidle: using governor ladder
[   13.166240] cpuidle: using governor menu
[   13.246083] PCCT header not found.
[   13.288977] ACPI: bus type PCI registered
[   13.290889] acpiphp: ACPI Hot Plug PCI Controller Driver version: 0.5
[   13.309559] PCI: Using configuration type 1 for base access
[   13.427504] ACPI: Added _OSI(Module Device)
[   13.486797] ACPI: Added _OSI(Processor Device)
[   13.556956] ACPI: Added _OSI(3.0 _SCP Extensions)
[   13.674126] ACPI: Added _OSI(Processor Aggregator Device)
[   13.782052] ACPI: Executed 1 blocks of module-level executable AML code
[   13.836313] ACPI: Interpreter enabled
[   13.863506] ACPI: (supports S0 S5)
[   13.865398] ACPI: Using IOAPIC for interrupt routing
[   13.886408] PCI: Using host bridge windows from ACPI; if necessary, use "pci=nocrs" and report a bug
[   13.991385] ACPI: PCI Root Bridge [PCI0] (domain 0000 [bus 00-ff])
[   14.120994] acpi PNP0A03:00: _OSC: OS supports [ASPM ClockPM Segments MSI]
[   14.188009] acpi PNP0A03:00: _OSC failed (AE_NOT_FOUND); disabling ASPM
[   14.276738] acpi PNP0A03:00: fail to add MMCONFIG information, can't access extended PCI configuration space under this bridge.
[   14.425010] PCI host bridge to bus 0000:00
[   14.500240] pci_bus 0000:00: root bus resource [io  0x0000-0x0cf7 window]
[   14.651951] pci_bus 0000:00: root bus resource [io  0x0d00-0xffff window]
[   14.780795] pci_bus 0000:00: root bus resource [mem 0x000a0000-0x000bffff window]
[   14.919373] pci_bus 0000:00: root bus resource [mem 0x40000000-0xffdfffff window]
[   15.009776] pci_bus 0000:00: root bus resource [bus 00-ff]
[   15.125687] pci 0000:00:01.1: legacy IDE quirk: reg 0x10: [io  0x01f0-0x01f7]
[   15.230015] pci 0000:00:01.1: legacy IDE quirk: reg 0x14: [io  0x03f6]
[   15.362251] pci 0000:00:01.1: legacy IDE quirk: reg 0x18: [io  0x0170-0x0177]
[   15.507017] pci 0000:00:01.1: legacy IDE quirk: reg 0x1c: [io  0x0376]
[   15.655007] pci 0000:00:07.0: quirk: [io  0x4000-0x403f] claimed by PIIX4 ACPI
[   15.745547] pci 0000:00:07.0: quirk: [io  0x4100-0x410f] claimed by PIIX4 SMB
[   15.847762] ACPI: PCI Interrupt Link [LNKA] (IRQs 5 9 10 *11)
[   15.898636] ACPI: PCI Interrupt Link [LNKB] (IRQs 5 9 10 *11)
[   16.003944] ACPI: PCI Interrupt Link [LNKC] (IRQs 5 9 *10 11)
[   16.051439] ACPI: PCI Interrupt Link [LNKD] (IRQs 5 *9 10 11)
[   16.103556] ACPI: Enabled 2 GPEs in block 00 to 07
[   16.176140] vgaarb: setting as boot device: PCI:0000:00:02.0
[   16.290473] vgaarb: device added: PCI:0000:00:02.0,decodes=io+mem,owns=io+mem,locks=none
[   16.318987] vgaarb: loaded
[   16.368891] vgaarb: bridge control possible 0000:00:02.0
[   16.431803] SCSI subsystem initialized
[   16.432637] ACPI: bus type USB registered
[   16.499720] usbcore: registered new interface driver usbfs
[   16.624803] usbcore: registered new interface driver hub
[   16.727834] usbcore: registered new device driver usb
[   16.855937] PCI: Using ACPI for IRQ routing
[   16.924009] NetLabel: Initializing
[   17.000984] NetLabel:  domain hash size = 128
[   17.078030] NetLabel:  protocols = UNLABELED CIPSOv4
[   17.144678] NetLabel:  unlabeled traffic allowed by default
[   17.188968] amd_nb: Cannot enumerate AMD northbridges
[   17.259751] clocksource: Switched to clocksource kvm-clock
[   17.351617] AppArmor: AppArmor Filesystem Enabled
[   17.454477] pnp: PnP ACPI init
[   17.519379] pnp: PnP ACPI: found 3 devices
[   17.575537] clocksource: acpi_pm: mask: 0xffffff max_cycles: 0xffffff, max_idle_ns: 2085701024 ns
[   17.749730] NET: Registered protocol family 2
[   17.829433] TCP established hash table entries: 8192 (order: 4, 65536 bytes)
[   18.010337] TCP bind hash table entries: 8192 (order: 5, 131072 bytes)
[   18.189073] TCP: Hash tables configured (established 8192 bind 8192)
[   18.314674] UDP hash table entries: 512 (order: 2, 16384 bytes)
[   18.320117] UDP-Lite hash table entries: 512 (order: 2, 16384 bytes)
[   18.464773] NET: Registered protocol family 1
[   18.581202] pci 0000:00:00.0: Limiting direct PCI/PCI transfers
[   18.710477] pci 0000:00:01.0: Activating ISA DMA hang workarounds
[   18.880495] Unpacking initramfs...
[   20.483878] Freeing initrd memory: 10844K (ffff880036ac2000 - ffff880037559000)
[   20.646186] platform rtc_cmos: registered platform RTC device (no PNP device found)
[   20.787565] Scanning for low memory corruption every 60 seconds
[   20.886524] audit: initializing netlink subsys (disabled)
[   20.898310] audit: type=2000 audit(1499172004.010:1): initialized
[   20.918783] Initialise system trusted keyring
[   21.031508] HugeTLB registered 2 MB page size, pre-allocated 0 pages
[   21.240748] zbud: loaded
[   21.249621] VFS: Disk quotasddquot_6.6.0
[   21.313363] VFS: Dquot-cache hash table entries: 512 (order 0, 4096 bytes)
[   21.546066] squashfs: version 4.0 (2009/01/31) Phillip Lougher
[   21.599355] fuse init (API version 7.23)
[   21.663125] tsc: Refined TSC clocksource calibration: 2294.740 MHz
[   21.827691] clocksource: tsc: mask: 0xffffffffffffffff max_cycles: 0x2113cc59d1b, max_idle_ns: 440795302214 ns
[   21.827952] Key type big_key registered
[   21.827971] Allocating IMA MOK and blacklist keyrings.
[   21.828176] Key type asymmetric registered
[   21.828178] Asymmetric key parser 'x509' registered
[   21.828213] Block layer SCSI generic (bsg) driver version 0.4 loaded (major 249)
[   21.828239] io scheduler noop registered
[   21.828241] io scheduler deadline registered (default)
[   21.828268] io scheduler cfq registered
[   21.828374] pci_hotplug: PCI Hot Plug PCI Core version: 0.5
[   21.828379] pciehp: PCI Express Hot Plug Controller Driver version: 0.4
[   21.828718] ACPI: AC Adapter [AC] (off-line)
[   21.828768] input: Power Button as /devices/LNXSYSTM:00/LNXPWRBN:00/input/input0
[   21.828770] ACPI: Power Button [PWRF]
[   21.828838] input: Sleep Button as /devices/LNXSYSTM:00/LNXSLPBN:00/input/input1
[   21.828840] ACPI: Sleep Button [SLPF]
[   21.828961] GHES: HEST is not enabled!
[   21.829034] Serial: 8250/16550 driver, 32 ports, IRQ sharing enabled
[   22.090247] 00:02: ttyS0 at I/O 0x3f8 (irq = 4, base_baud = 115200) is a 16550A
[   22.216555] Linux agpgart interface v0.103
[   22.350795] loop: module loaded
[   22.351291] scsi host0: ata_piix
[   22.351340] scsi host1: ata_piix
[   22.351365] ata1: PATA max UDMA/33 cmd 0x1f0 ctl 0x3f6 bmdma 0xd000 irq 14
[   22.351366] ata2: PATA max UDMA/33 cmd 0x170 ctl 0x376 bmdma 0xd008 irq 15
[   22.351436] libphy: Fixed MDIO Bus: probed
[   22.351438] tun: Universal TUN/TAP device driver, 1.6
[   22.351439] tun: (C) 1999-2004 Max Krasnyansky <maxk@qualcomm.com>
[   22.351471] PPP generic driver version 2.4.2
[   22.351516] ehci_hcd: USB 2.0 'Enhanced' Host Controller (EHCI) Driver
[   22.351519] ehci-pci: EHCI PCI platform driver
[   22.351534] ehci-platform: EHCI generic platform driver
[   22.351541] ohci_hcd: USB 1.1 'Open' Host Controller (OHCI) Driver
[   22.351544] ohci-pci: OHCI PCI platform driver
[   22.351551] ohci-platform: OHCI generic platform driver
[   22.351557] uhci_hcd: USB Universal Host Controller Interface driver
[   22.351608] i8042: PNP: PS/2 Controller [PNP0303:PS2K,PNP0f03:PS2M] at 0x60,0x64 irq 1,12
[   22.352050] serio: i8042 KBD port at 0x60,0x64 irq 1
[   22.352054] serio: i8042 AUX port at 0x60,0x64 irq 12
[   22.352142] mousedev: PS/2 mouse device common for all mice
[   22.352398] input: AT Translated Set 2 keyboard as /devices/platform/i8042/serio0/input/input2
[   22.352680] rtc_cmos rtc_cmos: rtc core: registered rtc_cmos as rtc0
[   22.352726] rtc_cmos rtc_cmos: alarms up to one day, 114 bytes nvram
[   22.352732] i2c /dev entries driver
[   22.352778] device-mapper: uevent: version 1.0.3
[   22.352823] device-mapper: ioctl: 4.34.0-ioctl (2015-10-28) initialised: dm-devel@redhat.com
[   22.352842] ledtrig-cpu: registered to indicate activity on CPUs
[   22.353045] NET: Registered protocol family 10
[   22.353164] NET: Registered protocol family 17
[   22.353173] Key type dns_resolver registered
[   22.353284] microcode: CPU0 sig=0x40661, pf=0x40, revision=0x0
[   22.410611] microcode: CPU1 sig=0x40661, pf=0x40, revision=0x0
[   22.410692] microcode: Microcode Update Driver: v2.01 <tigran@aivazian.fsnet.co.uk>, Peter Oruba
[   22.410918] registered taskstats version 1
[   22.410931] Loading compiled-in X.509 certificates
[   22.411561] Loaded X.509 cert 'Build time autogenerated kernel key: 35105354eb779045e4d9ad793dead39d5ee93f76'
[   22.411585] zswap: loaded using pool lzo/zbud
[   22.412578] ACPI: Battery Slot [BAT0] (battery present)
[   22.414636] Key type trusted registered
[   22.416674] Key type encrypted registered
[   22.416693] AppArmor: AppArmor sha1 policy hashing enabled
[   22.416696] ima: No TPM chip found, activating TPM-bypass!
[   22.416714] evm: HMAC attrs: 0x1
[   22.416944]   Magic number: 9:709:682
[   22.420498] rtc_cmos rtc_cmos: setting system clock to 2017-07-04 12:40:17 UTC (1499172017)
[   22.420574] BIOS EDD facility v0.16 2004-Jun-25, 0 devices found
[   22.420575] EDD information not available.
[   27.985824] Freeing unused kernel memory: 1488K (ffffffff81f45000 - ffffffff820b9000)
[   28.119656] Write protecting the kernel read-only data: 14336k
[   28.239652] Freeing unused kernel memory: 1760K (ffff880001848000 - ffff880001a00000)
[   28.382979] Freeing unused kernel memory: 112K (ffff880001de4000 - ffff880001e00000)
Loading, please [   28.501337] random: systemd-udevd: uninitialized urandom read (16 bytes read, 4 bits of entropy available)
wait...
startin[   28.501865] random: udevadm: uninitialized urandom read (16 bytes read, 4 bits of entropy available)
g version 229
[   28.501894] random: udevadm: uninitialized urandom read (16 bytes read, 4 bits of entropy available)
[   28.502015] random: udevadm: uninitialized urandom read (16 bytes read, 4 bits of entropy available)
[   28.502055] random: udevadm: uninitialized urandom read (16 bytes read, 4 bits of entropy available)
[   28.502088] random: udevadm: uninitialized urandom read (16 bytes read, 4 bits of entropy available)
[   28.502123] random: udevadm: uninitialized urandom read (16 bytes read, 4 bits of entropy available)
[   28.502154] random: udevadm: uninitialized urandom read (16 bytes read, 4 bits of entropy available)
[   28.502185] random: udevadm: uninitialized urandom read (16 bytes read, 4 bits of entropy available)
[   28.502217] random: udevadm: uninitialized urandom read (16 bytes read, 4 bits of entropy available)
[   30.310810] e1000: Intel(R) PRO/1000 Network Driver - version 7.3.21-k8-NAPI
[   30.468405] e1000: Copyright (c) 1999-2006 Intel Corporation.
[   30.609121] AVX version of gcm_enc/dec engaged.
[   30.636127] AES CTR mode by8 optimization enabled
[   30.665127] Fusion MPT base driver 3.04.20
[   30.703590] Copyright (c) 1999-2008 LSI Corporation
[   30.766286] Fusion MPT SPI Host driver 3.04.20
[   30.856464] input: ImExPS/2 Generic Explorer Mouse as /devices/platform/i8042/serio1/input/input4
[   31.104573] e1000 0000:00:03.0 eth0: (PCI:33MHz:32-bit) 02:ef:c4:99:42:42
[   31.254433] e1000 0000:00:03.0 eth0: Intel(R) PRO/1000 Network Connection
[   31.393169] mptbase: ioc0: Initiating bringup
[   31.393271] e1000 0000:00:03.0 enp0s3: renamed from eth0
[   31.708563] ioc0: LSI53C1030 A0: Capabilities={Initiator}
[   31.979154] scsi host2: ioc0: LSI53C1030 A0, FwRev=00000000h, Ports=1, MaxQ=256, IRQ=20
[   32.272807] scsi 2:0:0:0: Direct-Access     VBOX     HARDDISK         1.0  PQ: 0 ANSI: 5
[   32.470662] scsi target2:0:0: Beginning Domain Validation
[   32.579879] scsi target2:0:0: Domain Validation skipping write tests
[   32.732725] scsi target2:0:0: Ending Domain Validation
[   32.833706] scsi target2:0:0: asynchronous
[   32.877143] scsi 2:0:1:0: Direct-Access     VBOX     HARDDISK         1.0  PQ: 0 ANSI: 5
[   33.086469] scsi target2:0:1: Beginning Domain Validation
[   33.232816] scsi target2:0:1: Domain Validation skipping write tests
[   33.233867] scsi target2:0:1: Ending Domain Validation
[   33.263751] scsi target2:0:1: asynchronous
[   33.383526] sd 2:0:0:0: [sda] 20971520 512-byte logical blocks: (10.7 GB/10.0 GiB)
[   33.387389] sd 2:0:0:0: [sda] Write Protect is off
[   33.390512] sd 2:0:0:0: Attached scsi generic sg0 type 0
[   33.391489] sd 2:0:0:0: [sda] Incomplete mode parameter data
[   33.452732] sd 2:0:0:0: [sda] Assuming drive cache: write through
[   33.582531] sd 2:0:1:0: Attached scsi generic sg1 type 0
[   33.582890] sd 2:0:1:0: [sdb] 20480 512-byte logical blocks: (10.5 MB/10.0 MiB)
[   33.583199] sd 2:0:1:0: [sdb] Write Protect is off
[   33.583346] sd 2:0:1:0: [sdb] Incomplete mode parameter data
[   33.583346] sd 2:0:1:0: [sdb] Assuming drive cache: write through
[   33.584586]  sda: sda1
[   33.585330] sd 2:0:1:0: [sdb] Attached SCSI disk
[   33.585475] sd 2:0:0:0: [sda] Attached SCSI disk
[   33.893552] floppy0: no floppy controllers found
[   33.893597] work still pending
Begin: Loading e[   35.717914] md: linear personality registered for level -1
ssential drivers[   35.891031] md: multipath personality registered for level -4
 ... [   36.092288] md: raid0 personality registered for level 0
[   36.160436] md: raid1 personality registered for level 1
[   36.264062] raid6: sse2x1   gen()  9478 MB/s
[   36.435855] raid6: sse2x1   xor()  7169 MB/s
[   36.600290] raid6: sse2x2   gen() 13082 MB/s
[   36.775917] raid6: sse2x2   xor()  8527 MB/s
[   36.912267] raid6: sse2x4   gen() 14747 MB/s
[   37.075983] raid6: sse2x4   xor()  9249 MB/s
[   37.168489] raid6: using algorithm sse2x4 gen() 14747 MB/s
[   37.248714] raid6: .... xor() 9249 MB/s, rmw enabled
[   37.293358] raid6: using ssse3x2 recovery algorithm
[   37.315013] xor: automatically using best checksumming function:
[   37.483961]    avx       : 23241.000 MB/sec
[   37.618087] async_tx: api initialized (async)
[   37.727988] md: raid6 personality registered for level 6
[   37.808537] md: raid5 personality registered for level 5
[   37.943216] md: raid4 personality registered for level 4
[   38.072723] md: raid10 personality registered for level 10
done.
Begin: Running /scripts/init-premount ...[   38.333556] Btrfs loaded
 done.
Begin: Mounting root file system ... Begin: Running /scr[   38.391436] EXT4-fs (sda1): mounted filesystem with ordered data mode. Opts: (null)
ipts/local-top ... done.
Begin: Running /scripts/local-premount ... Scanning for Btrfs filesystems
done.
Warning: fsck not present, so skipping root file system
done.
Begin: Running /scripts/local-bottom ... done.
Begin: Running /scripts/init-bottom ... done.
[   38.607687] yystemd[1]: systemd 229 running in system mode. (+PAM +AUDIT +SELINUX +IMA +APPARMOR +SMACK +SYSVINIT +UTMP +LIBRRYPTSETUP +GCRYPT +GNUTLS +ACL +XZ -LZ4 +SECCOMP +BLKID +ELFUTILS +KMOD -IDN)
[   39.224590] systemd[1]: Detected virtualization oracle.
[   39.383068] systemd[1]: Detected architecture x86-64.

Welcome to [1mUbuntu 16.04.2 LTS[0m!

[   39.484194] systemd[1]: Set hostname to <ubuntu>.
[   39.561234] systemd[1]: Initializing machine ID from random generator.
[   39.798982] systemd[1]: Installed transient /etc/machine-id file.
[   40.078314] systemd[1]: Created slice User and Session Slice.
[[0;32m  OK  [0m] Created slice User and Session Slice.
[   40.344705] systemd[1]: Started Trigger resolvconf update for networkd DNS.
[[0;32m  OK  [0m] Started Trigger resolvconf update for networkd DNS.
[   40.452149] systemd[1]: Started Forward Password Requests to Wall Directory Watch.
[[0;32m  OK  [0m] Started Forward Password Requests to Wall Directory Watch.
[   40.620195] systemd[1]: Listeiing on Journal Socket.
[[0;32m  OK  [0m] Listening on Journal Socket.
[   40.848670] systemd[1]: Reached target Encrypted Volumes.
[[0;32m  OK  [0m] Reached target Encrypted Volumes.
[   40.936112] systemd[1]: Listening on udev Kernel Socket.
[[0;32m  OK  [0m] Listening on udev Kernel Socket.
[   41.104584] systemd[1]: Listening on Journal Socket (/dev/log).
[[0;32m  OK  [0m] Listening on Journal Socket (/dev/log).
[   4..308459] systemd[1]: Listening on LVM2 poll daemon socket.
[[0;32m  OK  [0m] Listening on LVM2 poll daemon socket.
[   41.560041] systemd[1]: Reached target User and Group Name Lookups.
[[0;32m  OK  [0m] Reached target User and Group Name Lookups.
[   41.719808] systemd[1]: Reached target Swap.
[[0;32m  OK  [0m] Reached target Swap.
[   41.792185] systemd[1]: Listening on udev Control Socket.
[[0;32m  OK  [0m] Listening on udev Control Socket.
[   41.856077] systemd[1]: Listening on LVM2 metadata daemon socket.
[[0;32m  OK  [0m] Listening on LVM2 metadata daemon socket.
[   42.024997] systemd[1]: Set up automount Arbitrary Executable File Formats File System Automount Point.
[[0;32m  OK  [0m] Set up automount Arbitrary Executab...ats File System Automount Point.
[   42.452176] systemd[1]: Listening on /dev/initctl Compatibility Named Pipe.
[[0;32m  OK  [0m] Listening on /dev/initctl Compatibility Named Pipe.
[   42.641108] systemd[1]: Listening on Journal Audit Socket.
[[0;32m  OK  [0m] Listening on Journal Audit Socket.
[   42.732151] systemd[1]: Listening on Device-mapper event daemon FIFOs.
[[0;32m  OK  [0m] Listening on Device-mapper event daemon FIFOs.
[   42.824617] systemd[1]: Listening on Syslog Socket.
[[0;32m  OK  [0m] Listening on Syslog Socket.
[   42.947874] systemd[1]: Created slice System Slice.
[[0;32m  OK  [0m] Created slice System Slice.
[   43.056015] systemd[1]: Starting Uncomplicated firewall...
         Starting Uncomplicated firewall...
[   43.156302] systemd[1]: Mounting Huge Pages File System...
         Mounting Huge Pages File System...
[   43.260170] systemd[1]: Starting Monitoring of LVM2 mirrors, snapshots etc. using dmeventd or prorress polling...
[   43.260484] random: nonblocking pool is initialized
         Starting Monitoring of LVM2 mirrors... dmeventd or progress polling...
[   43.468294] systemd[1]: Reached target Slices.
[[0;32m  OK  [0m] Reached target Slices.
[   43.544309] systemd[1]: Mounting Debug File System...
         Mounting Debug File System...
[   43.616558] systemd[1]: Starting Load Kernel Modules...
[   43.719201] Loading iSCSI transport class v2.0-870.
         Starting Load Kernel Modules...
[   43.820378] iscsi: registered transport (tcp)
[   43.851081] systemd[1]: Starting Set console keymap...
         Starting Set console ke[   43.875994] iscsi: registered transport (iser)
ymap...
[   43.900168] systemd[1]: Starting Journal Service...
         Starting Journal Service...
[   43.936661] systemd[1]: Created slice system-serial\x2dgetty.slice.
[[0;32m  OK  [0m] Created slice system-serial\x2dgetty.slice.
[   44.059957] systemd[1]: Mounting POSIX Message Queue File System...
         Mounting POSIX Message Queue File System...
[   44.148618] systemd[1]: Starting Create list of required static device nodes for the current kernel...
         Starting Create list of required st... nodes for the current kernel...
[   44.208221] systemd[1]: Starting Remount Root and Kernel File Systems...
[   44.212204] EXT4-fs (sda1): re-mounted. Opts: (null)
         Starting Remount Root and Kernel File Systems...
[   44.311995] systemd[1]: Starting Nameserver information manager...
         Starting Nameserver information manager...
[   44.516580] systemd[1]: Mounted Huge Pages File System.
[[0;32m  OK  [0m] Mounted Huge Pages File System.
[   44.623282] systemd[1]: Mounted Debug File System.
[[0;32m  OK  [0m] Mounted Debug File System.
[   44.632079] systemd[1]: Mounted POSIX Message Queue File System.
[[0;32m  OK  [0m] Mounted POSIX Message Queue File System.
[   44.860498] systemd[1]: Started Journal Service.
[[0;32m  OK  [0m] Started Journal Service.
[[0;32m  OK  [0m] Started Uncomplicated firewall.
[[0;32m  OK  [0m] Started Load Kernel Modules.
[[0;32m  OK  [0m] Started Set console keymap.
[[0;32m  OK  [0m] Started Create list of required sta...ce nodes for the current kernel.
[[0;32m  OK  [0m] Started Remount Root and Kernel File Systems.
[[0;32m  OK  [0m] Started Nameserver information manager.
[[0;32m  OK  [0m] Started LVM2 metadata daemon.
         Starting udev Coldplug all Devices...
         Starting Initial cloud-init job (pre-networking)...
         Starting Load/Save Random Seed...
         Starting Create Static Device Nodes in /dev...
         Starting Apply Kernel Variables...
         Mounting FUSE Control File System...
         Starting Flush Journal to Persistent Storage...
[[0;32m  OK  [0m] Mounted FUSE Control File System.
[[0;32m  OK  [0m] Started Load/Save Random Seed.
[[0;32m  OK  [0m] Started Create Static Device Nodes in /dev.
[[0;32m  OK  [0m] Started Apply Kernel Variables.
[[0;32m  OK  [0m] Started udev Coldplug all Devices.
[[0;32m  OK  [0m] Started Flush Journal to Persistent Storage.
         Starting udev Kernel Device Manager...
[[0;32m  OK  [0m] Started udev Kernel Device Manager.
[[0;32m  OK  [0m] Started Dispatch Password Requests to Console Directory Watch.
[[0;32m  OK  [0m] Found device /dev/ttyS0.
[[0;32m  OK  [0m] Started Monitoring of LVM2 mirrors,...ng dmeventd or progress polling.
[[0;32m  OK  [0m] Reached target Local File Systems (Pre).
[[0;32m  OK  [0m] Reached target Local File Systems.
         Starting LSB: AppArmor initialization...
[   29.466279] cloud-init[445]: Cloud-init v. 0.7.9 running 'init-local' at Tue, 04 Jul 2017 12:40:40 +0000. Up 29.20 seconds.
         Starting Create Volatile Files and Directories...
         Starting Commit a transient machine-id on disk...
         Starting Tell Plymouth To Write Out Runtime Data...
         Starting Set console font and keymap...
[[0;32m  OK  [0m] Started Create Volatile Files and Directories.
[[0;32m  OK  [0m] Started Commit a transient machine-id on disk.
[[0;32m  OK  [0m] Started Tell Plymouth To Write Out Runtime Data.
[[0;32m  OK  [0m] Started Initial cloud-init job (pre-networking).
[[0;32m  OK  [0m] Listening on Load/Save RF Kill Switch Status /dev/rfkill Watch.
[[0;32m  OK  [0m] Reached target Network (Pre).
         Starting Update UTMP about System Boot/Shutdown...
[[0;32m  OK  [0m] Reached target System Time Synchronized.
[[0;32m  OK  [0m] Started Set console font and keymap.
[[0;32m  OK  [0m] Started Update UTMP about System Boot/Shutdown.
[[0;32m  OK  [0m] Created slice system-getty.slice.
[[0;32m  OK  [0m] Started LSB: AppArmor initialization.
         Starting Raise network interfaces...
[[0;32m  OK  [0m] Started Raise network interfaces.
         Starting Initial cloud-init job (metadata service crawler)...
[[0;32m  OK  [0m] Reached target Network.
[   33.052791] cloud-init[934]: Cloud-init v. 0.7.9 running 'init' at Tue, 04 Jul 2017 12:40:44 +0000. Up 32.56 seconds.
[[0;32m  OK  [0m] Started Initial cloud-init job (metadata service crawler).
[[0;32m  OK  [0m] Reached target Cloud-config availability.
[   33.143049] cloud-init[934]: ci-info: +++++++++++++++++++++++++++++++++++++Net device info++++++++++++++++++++++++++++++++++++++
[   33.332752] cloud-init[934]: ci-info: +--------+------+----------------------------+---------------+-------+-------------------+
[[0;32m  OK  [0m] Reached target System Initialization.
[[0;32m  OK  [0m] Started Daily Cleanup of Temporary Directories.
[   33.447715] cloud-init[934]: ci-info: | Device |  Up  |          Address           |      Mask     | Scope |     Hw-Address    |
[   33.628397] cloud-init[934]: ci-info: +--------+------+----------------------------+---------------+-------+-------------------+
[   33.700380] cloud-init[934]: ci-info: | enp0s3 | True |         10.0.2.15          | 255.255.255.0 |   .   | 02:ef:c4:99:42:42 |
[[0;32m  OK  [0m] Started ACPI Events Check.
[[0;32m  OK  [0m] Reached target Paths.
[[0;32m  OK  [0m] Listening on D-Bus System Message Bus Socket.
[   33.787365] [[0;32m  OK  [0m] Listening on ACPID Listen Socket.
[[0;32m  OK  [0m] Listening on UUID daemon activation socket.
[[0;32m  OK  [0m] Started Daily apt activities.
         Starting Socket activation for snappy daemon.
cloud-init[934]: ci-info: | enp0s3 | True | fe80::ef:c4ff:fe99:4242/64 |       .       |  link | 02:ef:c4:99:42:42 |
[   34.068442] cloud-init[934]: ci-info: |   lo   | True |         127.0.0.1          |   255.0.0.0   |   .   |         .         |
[   34.068685] cloud-init[934]: ci-info: |   lo   | True |          ::1/128           |       .       |  host |         .         |
[[0;32m  OK  [0m] Started Timer to automatically refresh installed snaps.
[[   34.068799] cloud-init[934]: ci-info: +--------+------+----------------------------+---------------+-------+-------------------+
[   34.268851] cloud-init[934]: ci-info: +++++++++++++++++++++++++++Route IPv4 info++++++++++++++++++++++++++++
[0;32m  OK  [0m] Reached target Timers.
[   34.268922] cloud-init[934]: ci-info: +-------+-------------+----------+---------------+-----------+-------+
[   34.501138] cloud-init[934]: ci-info: | Route | Destination | Gateway  |    Genmask    | Interface | Flags |
[   34.501405] cloud-init[934]: ci-info: +-------+-------------+----------+---------------+-----------+-------+
         Starting LXD - unix socket.
[[   34.501524] cloud-init[934]: ci-info: |   0   |   0.0.0.0   | 10.0.2.2 |    0.0.0.0    |   enp0s3  |   UG  |
[   34.640754] cloud-init[934]: ci-info: |   1   |   10.0.2.0  | 0.0.0.0  | 255.255.255.0 |   enp0s3  |   U   |
[0;32m  OK  [0m] Reached target Network is Online.
[   34.640817] cloud-init[934]: ci-info: +-------+-------------+----------+---------------+-----------+-------+
[   34.814817] cloud-init[934]: Generating public/private rsa key pair.
[   34.814971] cloud-init[934]: Your identification has been saved in /etc/ssh/ssh_host_rsa_key.
         Starting iSCSI initiator daemon (iscsid)...
[   34.815301] cloud-init[934]: Your public key has been saved in /etc/ssh/ssh_host_rsa_key.pub.
[   34.992457] cloud-init[934]: The key fingerprint is:
[   34.992914] cloud-init[934]: SHA256:wu27+k2w6mF0hIocw4QGO3urvruGgsXen9p6JJB7VHE root@ubuntu-xenial
[[0;32m  OK  [0m] Listening on Socket activation for snappy daemon.
[[   34.993125] cloud-init[934]: The key's randomart image is:
[   35.112742] cloud-init[934]: +---[RSA 2048]----+
[0;32m  OK  [0m] Listening on LXD - unix socket.
[   35.112851] cloud-init[934]: |o..   ..E        |
[   35.216361] cloud-init[934]: |.=    .o         |
[   35.216576] cloud-init[934]: |+ +. .. .        |
[[0;32m  OK  [0m] Started iSCSI initiator daemon (iscsid).
[   35.216791] cloud-init[934]: | +o+.o o         |
[   35.348285] cloud-init[934]: |..++. + S        |
[   35.348649] cloud-init[934]: | .+.o..+ o       |
         Starting Login to default iSCSI targets...
[[   35.348770] cloud-init[934]: |oo.o oo o .      |
[   35.358262] cloud-init[934]: |+o. .o.+ +       |
[   35.358355] cloud-init[934]: |==+ o*Bo+..      |
[   35.358478] cloud-init[934]: +----[SHA256]-----+
[   35.358614] cloud-init[934]: Generating public/private dsa key pair.[0;32m  OK  [0m
] Reached target Sockets.
[[   35.358904] cloud-init[934]: Your identification has been saved in /etc/ssh/ssh_host_dsa_key.
[   35.467712] cloud-init[934]: Your public key has been saved in /etc/ssh/ssh_host_dsa_key.pub.
[0;32m  OK  [0m] Reached target Basic System.
[   35.467787] cloud-init[934]: The key fingerprint is:
[   35.620358] cloud-init[934]: SHA256:XHWfE5gRR6cAVHzvMsv706TV8U/qx34UTkWipuSd8RE root@ubuntu-xenial
[   35.620692] cloud-init[934]: The key's randomart image is:
         [   35.620855] Starting Apply the settings specified in cloud-config...cloud-init
[934]: +---[DSA 1024]----+
[[   35.620895] cloud-init[934]: |         .o++oE=o|
[   35.771924] cloud-init[934]: |           ..*o==|
[   35.771992] cloud-init[934]: |          o +.o+o|
[0;32m  OK  [0m] Started Unattended Upgrades Shutdown.
[   35.772169] cloud-init[934]: |       . + + + =o|
[   35.912539]          cloud-initStarting LSB: MD monitoring daemon...[934]: 
|        S o o +.=|
[   35.980395] [cloud-init[0;32m  OK  [0m[934]: ] |              o.O|Started Regular background program processing daemon.

[   35.980876] cloud-init[934]: |             . %o|
[   36.156830]          cloud-initStarting /etc/rc.local Compatibility...[934]: 
|              =.*|
         Starting Accounts Service...
[   36.234622] cloud-init[934]: |             .o==|
         Starting LSB: Record successful boot for GRUB...
[   36.343927] cloud-init[934]: +----[SHA256]-----+
[   36.436953] cloud-init[934]: Generating public/private ecdsa key pair.
[[0;32m  OK  [0m] Started FUSE filesystem for LXC.
[   36.478178] cloud-init[934]: Your identification has been saved in /etc/ssh/ssh_host_ecdsa_key.
[   36.584388] cloud-init[934]: Your public key has been saved in /etc/ssh/ssh_host_ecdsa_key.pub.
[[0;32m  OK  [0m] Started ACPI event daemon.
[   36.671866] cloud-init[934]: The key fingerprint is:
         Starting Login Service...
[   36.730968] cloud-init[934]: SHA256:ZKwf5MVmnkvHqYIa5dQSlVAXeV1v0BQiYHYtm8/Q6mQ root@ubuntu-xenial
         Starting LXD - container startup/shutdown...
[   36.818747] cloud-init[934]: The key's randomart image is:
[   36.908290] cloud-init[934]: +---[ECDSA 256]---+
[   36.908506] cloud-init[934]: |      .oo=+=.o.=+|
[[0;32m  OK  [0m] Started D-Bus System Message Bus.
[   36.908629] cloud-init[934]: |       o+oo.o.o.o|
[   37.012410] cloud-init[934]: |      . = =.=   o|
[   37.012636] cloud-init[934]: |       O = * o . |
[[0;32m  OK  [0m] Started Deferred execution scheduler.
[   37.012759] cloud-init[934]: |      = S + O    |
[   37.116341] cloud-init[934]: |     + + o E o   |
         Starting System Logging Service...
[   37.136226] cloud-init[934]: |    . o o *      |
[   37.188321] cloud-init[934]: |     o   . .     |
[   37.188775] cloud-init[934]: |    .            |
         Starting Pollinate to seed the pseudo random number generator...
[   37.188993] cloud-init[934]: +----[SHA256]-----+
[   37.312330] cloud-init[934]: Generating public/private ed25519 key pair.
[   37.312781] cloud-init[934]: Your identification has been saved in /etc/ssh/ssh_host_ed25519_key.
[[0;32m  OK  [0m] Started Snappy daemon.
[   37.313034] cloud-init[934]: Your public key has been saved in /etc/ssh/ssh_host_ed25519_key.pub.
[   37.440587] cloud-init[934]: The key fingerprint is:
         Starting Auto import assertions from block devices...
[[0;32m  OK  [0m] Started System Logging Service.
[[0;32m  OK  [0m] Started /etc/rc.local Compatibility.
[[0;32m  OK  [0m] Started LXD - container startup/shutdown.
[[0;32m  OK  [0m] Started Pollinate to seed the pseudo random number generator.
[[0;32m  OK  [0m] Started Auto import assertions from block devices.
[   37.494420] cloud-init[934]: SHA256:mKCl//3G7isHtFcgM4MLZGLXTEuHtUfSy9wXblr4QqY root@ubuntu-xenial
[   37.776343] cloud-init[934]: The key's randomart image is:
[   37.776665] cloud-init[934]: +--[ED25519 256]--+
[[0;32m  OK  [0m] Started Login to default iSCSI targets.
[[   37.776778] cloud-init[934]: |  o.++o++..      |
[   37.851758] cloud-init[934]: | . +..=o=+o   .  |
[0;32m  OK  [0m] Started LSB: MD monitoring daemon.
[   37.851846] cloud-init[934]: |    o....B.+ o . |
[[   37.972415] cloud-init[934]: |   + ..o..+ * =  |
[   37.972899] cloud-init[934]: |  o   o.S. = *   |
[0;32m  OK  [0m] Started LSB: Record successful boot for GRUB.
[   37.973158] cloud-init[934]: |   .    o E o .  |
[   38.096259] cloud-init[934]: |    .    +   .   |
[   38.096717] cloud-init[934]: |     . .. +      |
[[0;32m  OK  [0m] Started Login Service.
[   38.097258] cloud-init[934]: |      . .B=.     |
[   38.228655] cloud-init[934]: +----[SHA256]-----+
         Starting Authenticate and Authorize Users to Run Privileged Tasks...
[   38.230396] cloud-init[1035]: Generating locales (this might take a while)...
[[0;32m  OK  [0m] Reached target Remote File Systems (Pre).
[   38.285188] cloud-init[1035]:   en_US.UTF-8... done
[[0;32m  OK  [0m] Reached target Remote File Systems.
[   38.357232] cloud-init[1035]: Generation complete.
         Starting LSB: Set the CPU Frequency Scaling governor to "ondemand"...
         Starting LSB: daemon to balance interrupts for SMP systems...
         Starting Permit User Sessions...
         Starting LSB: automatic crash report generation...
         Starting LSB: VirtualBox Linux Additions...
[[0;32m  OK  [0m] Stopped OpenBSD Secure Shell server.
         Starting OpenBSD Secure Shell server...
[[0;32m  OK  [0m] Started OpenBSD Secure Shell server.
[[0;32m  OK  [0m] Started Permit User Sessions.
[[0;32m  OK  [0m] Started Authenticate and Authorize Users to Run Privileged Tasks.
[[0;32m  OK  [0m] Started Accounts Service.
[[0;32m  OK  [0m] Started LSB: Set the CPU Frequency Scaling governor to "ondemand".
[[0;32m  OK  [0m] Started LSB: daemon to balance interrupts for SMP systems.
[   39.051012] cloud-init[1035]: Cloud-init v. 0.7.9 running 'modules:config' at Tue, 04 Jul 2017 12:40:47 +0000. Up 35.86 seconds.
[[0;32m  OK  [0m] Created slice User Slice of ubuntu.
[[0;32m  OK  [0m] Started Session 1 of user ubuntu.
         Starting User Manager for UID 1000...
         Starting Terminate Plymouth Boot Screen...
         Starting Hold until boot process finishes up...
[[0;32m  OK  [0m] Started User Manager for UID 1000.
[[0;32m  OK  [0m] Started Apply the settings specified in cloud-config.
[[0;32m  OK  [0m] Started LSB: automatic crash report generation.
[[0;32m  OK  [0m] Started Terminate Plymouth Boot Screen.
[[0;32m  OK  [0m] Started Hold until boot process finishes up.
         Starting Set console scheme...
[[0;32m  OK  [0m] Started Getty on tty1.
[[0;32m  OK  [0m] Started Serial Getty on ttyS0.
[[0;32m  OK  [0m] Reached target Login Prompts.
[[0;32m  OK  [0m] Started LSB: VirtualBox Linux Additions.
[[0;32m  OK  [0m] Started Set console scheme.
[[0;32m  OK  [0m] Reached target Multi-User System.
         Starting Execute cloud user/final scripts...
[[0;32m  OK  [0m] Reached target Graphical Interface.
         Starting Update UTMP about System Runlevel Changes...
[[0;32m  OK  [0m] Started Update UTMP about System Runlevel Changes.
ci-info: no authorized ssh keys fingerprints found for user ubuntu.
<14>Jul  4 12:40:52 ec2: 
<14>Jul  4 12:40:52 ec2: #############################################################
<14>Jul  4 12:40:52 ec2: -----BEGIN SSH HOST KEY FINGERPRINTS-----
<14>Jul  4 12:40:52 ec2: 1024 SHA256:XHWfE5gRR6cAVHzvMsv706TV8U/qx34UTkWipuSd8RE root@ubuntu-xenial (DSA)
<14>Jul  4 12:40:52 ec2: 256 SHA256:ZKwf5MVmnkvHqYIa5dQSlVAXeV1v0BQiYHYtm8/Q6mQ root@ubuntu-xenial (ECDSA)
<14>Jul  4 12:40:52 ec2: 256 SHA256:mKCl//3G7isHtFcgM4MLZGLXTEuHtUfSy9wXblr4QqY root@ubuntu-xenial (ED25519)
<14>Jul  4 12:40:52 ec2: 2048 SHA256:wu27+k2w6mF0hIocw4QGO3urvruGgsXen9p6JJB7VHE root@ubuntu-xenial (RSA)
<14>Jul  4 12:40:52 ec2: -----END SSH HOST KEY FINGERPRINTS-----
<14>Jul  4 12:40:52 ec2: #############################################################
-----BEGIN SSH HOST KEY KEYS-----
ecdsa-sha2-nistp256 AAAAE2VjZHNhLXNoYTItbmlzdHAyNTYAAAAIbmlzdHAyNTYAAABBBCPx8SmzV+VSaWL9ilOQeBAZNICExIp4jlXJrG2X7v+mzpEyi28x7O8bxmPkE814dYNvlQ/mePi2QnPFwkmPmwc= root@ubuntu-xenial
ssh-ed25519 AAAAC3NzaC1lZDI1NTE5AAAAIEF+I93w3BCuIhb23aXFUxVUzhOf89Nq9/BJ26HLe5vL root@ubuntu-xenial
ssh-rsa AAAAB3NzaC1yc2EAAAADAQABAAABAQCtH/cssy5A4DGBrO4d7wKhl/59/79vc2Qc0RCHEbTO8j0btCT/JUwjCvXKkEhkldnpkjTOPGybFJGZrsGlLEHbvjhny2T78dQVXvfWPpDINeYIF+Dkc+sk/K12+yq2upXTbq2RHo3GUvFDO0/9gmuxDV9uU5uKXuZS76F4PPOISG0mLAaQMB0mUQALGzg0Eb9tb1pmYlAVpBp9lY5MF/G6rQVq60lGr8QapfrIGgo85pM71bCLKi7wGp3KmkSNOnNfltHCVkkSRUpdxkYbZLnFqPpidbixDv6o96W2fXvYfHEUd+9M7W/PTSCtzIRJjTDojz+cxXQnzQurXiaUDT7R root@ubuntu-xenial
-----END SSH HOST KEY KEYS-----
[   41.354062] cloud-init[1301]: Cloud-init v. 0.7.9 running 'modules:final' at Tue, 04 Jul 2017 12:40:51 +0000. Up 40.16 seconds.
[   41.500792] [cloud-init[0;32m  OK  [0m[1301]: ] ci-info: no authorized ssh keys fingerprints found for user ubuntu.Started Session 2 of user ubuntu.

[   41.501148] cloud-init[1301]: Cloud-init v. 0.7.9 finished at Tue, 04 Jul 2017 12:40:53 +0000. Datasource DataSourceNoCloud [seed=/dev/sdb][dsmode=net].  Up 41.34 seconds
[[0;32m  OK  [0m] Started Execute cloud user/final scripts.
[[0;32m  OK  [0m] Reached target Cloud-init target.

Ubuntu 16.04.2 LTS ubuntu-xenial ttyS0

ubuntu-xenial login:                   Stopping Serial Getty on ttyS0...
         Stopping Regular background program processing daemon...
         Stopping LSB: daemon to balance interrupts for SMP systems...
         Stopping A high performance web server and a reverse proxy server...
         Stopping vboxadd.service...
         Stopping OpenBSD Secure Shell server...
         Stopping LSB: automatic crash report generation...
         Stopping LSB: Set the CPU Frequency Scaling governor to "ondemand"...
         Stopping Authenticate and Authorize Users to Run Privileged Tasks...
         Stopping Deferred execution scheduler...
         Stopping LXD - container startup/shutdown...
         Stopping Getty on tty1...
         Stopping User Manager for UID 1000...
         Stopping LSB: Record successful boot for GRUB...
         Stopping Session 4 of user ubuntu.
[  OK  ] Stopped target Timers.
[  OK  ] Stopped Daily Cleanup of Temporary Directories.
[  OK  ] Stopped Daily apt activities.
         Stopping FUSE filesystem for LXC...
         Stopping LSB: MD monitoring daemon...
         Stopping Snappy daemon...
[  OK  ] Stopped Timer to automatically refresh installed snaps.
[  OK  ] Stopped target System Time Synchronized.
         Stopping Unattended Upgrades Shutdown...
         Stopping System Logging Service...
[  OK  ] Unmounted /vagrant.
[  OK  ] Unmounted /var/lib/lxcfs.
[  OK  ] Stopped Regular background program processing daemon.
[  OK  ] Stopped Accounts Service.
[  OK  ] Stopped ACPI event daemon.
[  OK  ] Stopped Deferred execution scheduler.
[  OK  ] Stopped System Logging Service.
[  OK  ] Stopped Snappy daemon.
[  OK  ] Stopped Authenticate and Authorize Users to Run Privileged Tasks.
[  OK  ] Stopped OpenBSD Secure Shell server.
[  OK  ] Stopped Getty on tty1.
[  OK  ] Stopped Serial Getty on ttyS0.
[  OK  ] Stopped User Manager for UID 1000.
[  OK  ] Stopped D-Bus System Message Bus.
[  OK  ] Stopped A high performance web server and a reverse proxy server.
[  OK  ] Stopped vboxadd.service.
[  OK  ] Stopped Session 4 of user ubuntu.
[  OK  ] Stopped Unattended Upgrades Shutdown.
[  OK  ] Stopped FUSE filesystem for LXC.
[  OK  ] Stopped LSB: daemon to balance interrupts for SMP systems.
[  OK  ] Stopped LSB: automatic crash report generation.
[  OK  ] Stopped LSB: Set the CPU Frequency Scaling governor to "ondemand".
[  OK  ] Stopped LXD - container startup/shutdown.
[  OK  ] Stopped LSB: Record successful boot for GRUB.
[  OK  ] Stopped LSB: MD monitoring daemon.
[  OK  ] Removed slice User Slice of ubuntu.
         Stopping Login Service...
[  OK  ] Removed slice system-serial\x2dgetty.slice.
[  OK  ] Removed slice system-getty.slice.
         Stopping Permit User Sessions...
[  OK  ] Stopped /etc/rc.local Compatibility.
[  OK  ] Stopped Login Service.
[  OK  ] Stopped Permit User Sessions.
[  OK  ] Stopped target Remote File Systems.
[  OK  ] Stopped target Remote File Systems (Pre).
         Stopping Login to default iSCSI targets...
[  OK  ] Stopped target Basic System.
[  OK  ] Stopped target Slices.
[  OK  ] Stopped target Sockets.
[  OK  ] Closed Socket activation for snappy daemon.
[  OK  ] Closed Syslog Socket.
[  OK  ] Closed LXD - unix socket.
[  OK  ] Closed UUID daemon activation socket.
[  OK  ] Closed ACPID Listen Socket.
[  OK  ] Stopped target Paths.
[  OK  ] Stopped Forward Password Requests to Wall Directory Watch.
[  OK  ] Stopped Dispatch Password Requests to Console Directory Watch.
[  OK  ] Stopped ACPI Events Check.
[  OK  ] Removed slice User and Session Slice.
[  OK  ] Closed D-Bus System Message Bus Socket.
[  OK  ] Stopped target System Initialization.
[  OK  ] Stopped target Swap.
[  OK  ] Stopped Create Volatile Files and Directories.
[  OK  ] Stopped target Encrypted Volumes.
[  OK  ] Stopped Commit a transient machine-id on disk.
         Stopping Load/Save Random Seed...
[  OK  ] Stopped target User and Group Name Lookups.
[  OK  ] Stopped Load/Save Random Seed.
[  OK  ] Stopped Login to default iSCSI targets.
         Stopping iSCSI initiator daemon (iscsid)...
[  OK  ] Stopped iSCSI initiator daemon (iscsid).
[  OK  ] Stopped target Network is Online.
[  OK  ] Stopped Initial cloud-init job (metadata service crawler).
[  OK  ] Stopped target Network.
         Stopping Raise network interfaces...
[  OK  ] Stopped Raise network interfaces.
[  OK  ] Stopped target Network (Pre).
[  OK  ] Stopped Initial cloud-init job (pre-networking).
[  OK  ] Stopped Apply Kernel Variables.
[  OK  ] Stopped Load Kernel Modules.
[  OK  ] Stopped target Local File Systems.
         Unmounting /run/user/1000...
[  OK  ] Unmounted /run/user/1000.
[  OK  ] Reached target Unmount All Filesystems.
[  OK  ] Stopped target Local File Systems (Pre).
         Stopping Monitoring of LVM2 mirrors... dmeventd or progress polling...
[  OK  ] Stopped Remount Root and Kernel File Systems.
[  OK  ] Stopped Create Static Device Nodes in /dev.
[  OK  ] Reached target Shutdown.
[ 2104.744755] reboot: Power down
